Enter a number:
fib of n is: 5
Enter a number:
fib of n is: 13
